     Cad or        suspension    Edit          Sketch        eXecute
     iterate       Options       data          vehicle       or quit

The Force is applied at point 12 Tire Contact Patch N
Fore-Aft (X) location       0.000     force    -788.830 (X) Fore-Aft
Horizontal (Y) location   -22.500     force       0.000 (Y) Horizontal
Vertical (Z) location       0.000     force     396.346     TOTAL     882.804
Fore-Aft at CenterLine      9.000     force       0.000

Rotation axis pivot One is at point 2 Lower Ball Joint = B
Fore-Aft (X) location       0.000     force    1446.779 (X) Fore-Aft
Horizontal (Y) location   -21.247     force     366.704 (Y) Horizontal
Vertical (Z) location       5.507     force    -489.091     TOTAL    1570.621

Rotation axis pivot Two is at point 5 Upper Ball Joint = E
Fore-Aft (X) location       0.599     force    -657.861 (X) Fore-Aft
Horizontal (Y) location   -20.945     force     -41.332 (Y) Horizontal
Vertical (Z) location      12.011     force      95.888     TOTAL     666.096

The Reaction Point is at point 8 Steering Tie Rod = S
Fore-Aft (X) location      -2.503     force      -0.087 (X) Fore-Aft
Horizontal (Y) location   -20.327     force    -325.372 (Y) Horizontal
Vertical (Z) location       6.127     force      -3.142     TOTAL     325.388

Press any key to continue ...
                                                                                                                                                                                                                                                                                                                                                                                                                                                                                                                                                                                                                                                                                                                                                      Cad or        suspension    Edit          Sketch        eXecute
     iterate       Options       data          vehicle       or quit

The Force is applied at point 12 Tire Contact Patch N
Fore-Aft (X) location       0.000     force    -788.830 (X) Fore-Aft
Horizontal (Y) location   -22.500     force       0.000 (Y) Horizontal
Vertical (Z) location       0.000     force     396.346     TOTAL     882.804
Fore-Aft at CenterLine      9.000     force       0.000

Rotation axis pivot One is at point 2 Lower Ball Joint = B
Fore-Aft (X) location       0.000     force    1446.779 (X) Fore-Aft
Horizontal (Y) location   -21.247     force     366.704 (Y) Horizontal
Vertical (Z) location       5.507     force    -489.091     TOTAL    1570.621

Rotation axis pivot Two is at point 5 Upper Ball Joint = E
Fore-Aft (X) location       0.599     force    -657.861 (X) Fore-Aft
Horizontal (Y) location   -20.945     force     -41.332 (Y) Horizontal
Vertical (Z) location      12.011     force      95.888     TOTAL     666.096

The Reaction Point is at point 8 Steering Tie Rod = S
Fore-Aft (X) location      -2.503     force      -0.087 (X) Fore-Aft
Horizontal (Y) location   -20.327     force    -325.372 (Y) Horizontal
Vertical (Z) location       6.127     force      -3.142     TOTAL     325.388

Press any key to continue ...
                                                                                                                                                                                                                                                                                                                                                                                                                                                                                                                                                                                                                                                                                                                        